// Jest Snapshot v1, https://goo.gl/fbAQLP

exports[`<SafeSrcDocIframe /> renders as expected 1`] = `
ShallowWrapper {
  "length": 1,
  Symbol(enzyme.__root__): [Circular],
  Symbol(enzyme.__unrendered__): <SafesrcDocIframe
    referrerPolicy="no-referrer"
    sandbox="allow-same-origin"
    src=""
    srcDoc="
  <!DOCTYPE html>
  <html>
    <head></head>
    <body>
      mock html page
    </body>
  </html>
  "
    title="some-title"
  />,
  Symbol(enzyme.__renderer__): Object {
    "batchedUpdates": [Function],
    "getNode": [Function],
    "render": [Function],
    "simulateEvent": [Function],
    "unmount": [Function],
  },
  Symbol(enzyme.__node__): Object {
    "instance": null,
    "key": undefined,
    "nodeType": "host",
    "props": Object {
      "referrerPolicy": "no-referrer",
      "sandbox": "allow-same-origin",
      "srcDoc": "
  <!DOCTYPE html>
  <html>
    <head></head>
    <body>
      mock html page
    </body>
  </html>
  ",
      "title": "some-title",
    },
    "ref": [Function],
    "rendered": null,
    "type": "iframe",
  },
  Symbol(enzyme.__nodes__): Array [
    Object {
      "instance": null,
      "key": undefined,
      "nodeType": "host",
      "props": Object {
        "referrerPolicy": "no-referrer",
        "sandbox": "allow-same-origin",
        "srcDoc": "
  <!DOCTYPE html>
  <html>
    <head></head>
    <body>
      mock html page
    </body>
  </html>
  ",
        "title": "some-title",
      },
      "ref": [Function],
      "rendered": null,
      "type": "iframe",
    },
  ],
  Symbol(enzyme.__options__): Object {
    "adapter": ReactSixteenAdapter {
      "options": Object {
        "enableComponentDidUpdateOnSetState": true,
      },
    },
  },
}
`;
